[dotenv@17.2.3] injecting env (12) from .env -- tip: ÔÜÖ´©Å  load multiple .env files with { path: ['.env.local', '.env'] }
Starting bulk assignment...

Found 5 product rows
Found 5 collections
Product 1 has 0 variants

Test complete!
